// Jest Snapshot v1, https://goo.gl/fbAQLP

exports[`startClojureScriptEngine Socket repl prints socket REPL info in addition to the banner if -n specified 1`] = `
Array [
  Array [
    "Lumo socket REPL listening at localhost:5555.
",
  ],
]
`;
